[p2pimperial.com/index.html]
[backblue.gif]
[fade.gif]
[index.html]
[p2pimperial.com/wp-content/uploads/2022/06/capasdsdnetflix.jpg]
[external.html]
[p2pimperial.com/wp-content/uploads/2022/06/dsado-1.png]
[p2pimperial.com/wp-includes/css/dist/block-library/style.min6a4d.css]
[p2pimperial.com/feed/index.html]
[p2pimperial.com/wp-includes/js/mediaelement/mediaelementplayer-legacy.min1f61.css]
[p2pimperial.com/wp-includes/js/mediaelement/wp-mediaelement.min6a4d.css]
[p2pimperial.com/comments/feed/index.html]
[p2pimperial.com/wp-includes/css/classic-themes.min68b3.css]
[p2pimperial.com/wp-content/themes/hello-elementor/style.min0875.css]
[p2pimperial.com/wp-content/themes/hello-elementor/theme.min0875.css]
[p2pimperial.com/wp-content/plugins/elementor/assets/css/frontend-lite.min1ed5.css]
[p2pimperial.com/wp-content/cache/min/1/wp-content/uploads/elementor/css/post-43360.css]
[p2pimperial.com/wp-content/cache/min/1/wp-content/plugins/elementor/assets/lib/eicons/css/elementor-icons.min3360.css]
[p2pimperial.com/wp-content/plugins/pro-elements/assets/css/frontend-lite.min9d52.css]
[p2pimperial.com/wp-content/cache/min/1/wp-content/uploads/elementor/css/global3360.css]
[p2pimperial.com/wp-content/cache/min/1/wp-content/uploads/elementor/css/post-253360.css]
[p2pimperial.com/wp-content/plugins/wp-rocket/assets/img/youtube.png]
[p2pimperial.com/wp-content/plugins/elementor/assets/lib/font-awesome/css/fontawesome.min52d5.css]
[p2pimperial.com/wp-content/cache/min/1/wp-content/plugins/elementor/assets/lib/font-awesome/css/solid.min3360.css]
[p2pimperial.com/wp-content/cache/min/1/wp-content/plugins/jetpack/css/jetpack3360.css]
[p2pimperial.com/wp-includes/js/jquery/jquery.mina7a0.js]
[p2pimperial.com/wp-includes/js/jquery/jquery-migrate.mind617.js]
[p2pimperial.com/wp-json/wp/v2/pages/25.json]
[p2pimperial.com/wp-json/index.html]
[p2pimperial.com/xmlrpc0db0.php]
[p2pimperial.com/wp-includes/wlwmanifest.xml]
[p2pimperial.com/wp-json/oembed/1.0/embed6719.json]
[p2pimperial.com/wp-json/oembed/1.0/embed864c]
[connect.facebook.net/en_US/fbevents.js]
[p2pimperial.com/wp-content/plugins/webp-express/js/picturefill.min.js]
[p2pimperial.com/wp-content/uploads/2022/06/cropped-SdldNud-32x32.png]
[p2pimperial.com/wp-content/uploads/2022/06/cropped-SdldNud-192x192.png]
[p2pimperial.com/wp-content/uploads/2022/06/cropped-SdldNud-180x180.png]
[p2pimperial.com/wp-content/uploads/2022/12/dv6.png]
[p2pimperial.com/wp-content/uploads/2022/12/ctI52NGXwDluCmAY9kOLqGg9hb5.jpg]
[p2pimperial.com/wp-content/uploads/2022/12/kqS1PhOHoYosFMsx7prPO3dHEZu.jpg]
[p2pimperial.com/wp-content/uploads/2022/12/8tuvxhScKT6qs8Js7ghLCLG5gxD.jpg]
[p2pimperial.com/wp-content/uploads/2022/12/hJVApAzbi159h1uj4o3aFuNFMp0-1.jpg]
[p2pimperial.com/wp-content/uploads/2022/12/iqKuNimVHDeaeNG5k7L5upuJ01C.jpg]
[p2pimperial.com/wp-content/uploads/2022/12/9z256FFPDsL7kSVJ9oyLELaN1ph-1.jpg]
[p2pimperial.com/wp-content/uploads/2022/12/ml7Ypdeev7s1MK38dQN0OXoZ8p9-1.jpg]
[p2pimperial.com/wp-content/uploads/2022/12/qV5vEMXsCKakk2usQ4QLhiJa00h.jpg]
[p2pimperial.com/wp-content/uploads/2022/12/gFyB6XHUrvd3FvgN7NQbS0gjYv7-1.jpg]
[p2pimperial.com/wp-content/uploads/2022/12/irIS5Tn3TXjNi1R9BpWvGAN4CZ1.jpg]
[p2pimperial.com/wp-content/uploads/2022/12/2QE0YczuK6RMTvRY6uBa2t65kY7.jpg]
[p2pimperial.com/wp-content/uploads/2022/12/fD2YiqLp5vXq7l2V3iYC7usWYXD-1.jpg]
[p2pimperial.com/wp-content/uploads/2022/12/tyv3iU87q5IdTAUVLWJeILJ4Cyf.jpg]
[p2pimperial.com/wp-content/uploads/2022/12/xJEJP8efhKgqu6z4dpe8P845VE7.jpg]
[p2pimperial.com/wp-content/uploads/2022/12/j96pQXRWtfaP6EfGZw600f8Ofxm.jpg]
[p2pimperial.com/wp-content/plugins/pro-elements/assets/css/widget-carousel.min.css]
[p2pimperial.com/wp-content/plugins/elementor/assets/css/widget-icon-list.min.css]
[p2pimperial.com/wp-content/uploads/2022/12/MOCKUP-02-1024x837.png]
[p2pimperial.com/wp-content/themes/hello-elementor/assets/js/hello-frontend.min8a54.js]
[p2pimperial.com/wp-includes/js/imagesloaded.mineda1.js]
[p2pimperial.com/wp-content/plugins/pro-elements/assets/js/webpack-pro.runtime.min9d52.js]
[p2pimperial.com/wp-content/plugins/elementor/assets/js/webpack.runtime.min1ed5.js]
[p2pimperial.com/wp-content/plugins/elementor/assets/js/frontend-modules.min1ed5.js]
[p2pimperial.com/wp-content/plugins/pro-elements/assets/js/frontend.min9d52.js]
[p2pimperial.com/wp-content/plugins/elementor/assets/lib/waypoints/waypoints.min05da.js]
[p2pimperial.com/wp-includes/js/jquery/ui/core.min3f14.js]
[p2pimperial.com/wp-content/plugins/elementor/assets/js/frontend.min1ed5.js]
[p2pimperial.com/wp-content/plugins/pro-elements/assets/js/elements-handlers.min9d52.js]
[stats.wp.com/e-202306.js]
[p2pimperial.com/wp-content/plugins/wp-rocket/assets/js/lazyload/17.5/lazyload.min.js]
[p2pimperial.com/index.html]
[p2pimperial.com/wp-includes/css/dist/block-library/style.min6a4d.css]
[p2pimperial.com/wp-includes/js/mediaelement/mediaelementplayer-legacy.min1f61.css]
[p2pimperial.com/wp-includes/js/mediaelement/wp-mediaelement.min6a4d.css]
[p2pimperial.com/wp-includes/css/classic-themes.min68b3.css]
[p2pimperial.com/wp-content/themes/hello-elementor/style.min0875.css]
[p2pimperial.com/wp-content/themes/hello-elementor/theme.min0875.css]
[p2pimperial.com/wp-content/plugins/elementor/assets/css/frontend-lite.min1ed5.css]
[p2pimperial.com/wp-content/cache/min/1/wp-content/uploads/elementor/css/post-43360.css]
[p2pimperial.com/wp-content/plugins/elementor/assets/lib/eicons/fonts/eicons5519.eot]
[p2pimperial.com/wp-content/plugins/elementor/assets/lib/eicons/fonts/eicons5519.woff2]
[p2pimperial.com/wp-content/plugins/elementor/assets/lib/eicons/fonts/eicons5519.woff]
[p2pimperial.com/wp-content/plugins/elementor/assets/lib/eicons/fonts/eicons5519.ttf]
[p2pimperial.com/wp-content/cache/min/1/wp-content/plugins/elementor/assets/lib/eicons/css/elementor-icons.min3360.css]
[p2pimperial.com/wp-content/plugins/pro-elements/assets/css/frontend-lite.min9d52.css]
[p2pimperial.com/wp-content/cache/min/1/wp-content/uploads/elementor/css/global3360.css]
[p2pimperial.com/wp-content/cache/min/1/wp-content/uploads/elementor/css/post-253360.css]
[p2pimperial.com/wp-content/plugins/elementor/assets/lib/font-awesome/css/fontawesome.min52d5.css]
[p2pimperial.com/wp-content/plugins/elementor/assets/lib/font-awesome/webfonts/fa-solid-900.eot]
[p2pimperial.com/wp-content/plugins/elementor/assets/lib/font-awesome/webfonts/fa-solid-900d41d.eot]
[p2pimperial.com/wp-content/plugins/elementor/assets/lib/font-awesome/webfonts/fa-solid-900.woff2]
[p2pimperial.com/wp-content/plugins/elementor/assets/lib/font-awesome/webfonts/fa-solid-900.woff]
[p2pimperial.com/wp-content/plugins/elementor/assets/lib/font-awesome/webfonts/fa-solid-900.ttf]
[p2pimperial.com/wp-content/cache/min/1/wp-content/plugins/elementor/assets/lib/font-awesome/css/solid.min3360.css]
[p2pimperial.com/wp-content/plugins/jetpack/modules/shortcodes/img/slideshow-controls.png]
[p2pimperial.com/wp-content/plugins/jetpack/modules/shortcodes/img/slideshow-controls-2x.png]
[p2pimperial.com/wp-content/plugins/jetpack/modules/shortcodes/images/slide-nav.png]
[p2pimperial.com/wp-content/plugins/jetpack/modules/shortcodes/images/expand.png]
[p2pimperial.com/wp-content/plugins/jetpack/modules/shortcodes/images/collapse.png]
[secure.gravatar.com/images/grav-share-sprite.png]
[p2pimperial.com/wp-content/cache/min/1/wp-content/plugins/jetpack/css/jetpack3360.css]
[p2pimperial.com/c]
[p2pimperial.com/b]
[p2pimperial.com/POST]
[connect.facebook.net/en_US/fbevents.js]
[p2pimperial.com/wp-content/plugins/pro-elements/assets/css/widget-carousel.min.css]
[p2pimperial.com/wp-content/plugins/elementor/assets/css/widget-icon-list.min.css]
[p2pimperial.com/wp-includes/js/mediaelement/mejs-controls.svg]
[p2pimperial.com/wp-content/plugins/elementor/assets/lib/eicons/fonts/eicons5519.svg]
[p2pimperial.com/wp-content/plugins/elementor/assets/lib/font-awesome/webfonts/fa-solid-900.svg]
[p2pimperial.com/c.html]
[p2pimperial.com/b.html]
[p2pimperial.com/POST.html]
